
> Lumenive_App@0.0.1 android
> react-native run-android

node.exe : (node:24404) 
[DEP0040] 
DeprecationWarning: The 
`punycode` module is 
deprecated. Please use a 
userland alternative 
instead.
At C:\Program 
Files\nodejs\npm.ps1:29 
char:3
+   & $NODE_EXE 
$NPM_CLI_JS $args
+   ~~~~~~~~~~~~~~~~~~~~~~~
~~~~~~
    + CategoryInfo         
     : NotSpecified: ((no  
  de:24404) [D...native    
 instead.:String) [], R    
emoteException
    + FullyQualifiedErrorI 
   d : NativeCommandError
 
(Use `node 
--trace-deprecation ...` 
to show where the warning 
was created)
info JS server already running.
info Installing the app...
> Task :gradle-plugin:settings-plugin:checkKotlinGradlePluginConfigurationErrors SKIPPED
> Task :gradle-plugin:shared:checkKotlinGradlePluginConfigurationErrors SKIPPED
> Task :gradle-plugin:shared:compileKotlin UP-TO-DATE
> Task :gradle-plugin:shared:compileJava NO-SOURCE
> Task :gradle-plugin:shared:processResources NO-SOURCE
> Task :gradle-plugin:shared:classes UP-TO-DATE
> Task :gradle-plugin:shared:jar UP-TO-DATE
> Task :gradle-plugin:settings-plugin:compileKotlin UP-TO-DATE
> Task :gradle-plugin:settings-plugin:compileJava NO-SOURCE
> Task :gradle-plugin:settings-plugin:pluginDescriptors UP-TO-DATE
> Task :gradle-plugin:settings-plugin:processResources UP-TO-DATE
> Task :gradle-plugin:settings-plugin:classes UP-TO-DATE
> Task :gradle-plugin:settings-plugin:jar UP-TO-DATE
> Task :gradle-plugin:react-native-gradle-plugin:checkKotlinGradlePluginConfigurationErrors SKIPPED
> Task :gradle-plugin:react-native-gradle-plugin:compileKotlin UP-TO-DATE
> Task :gradle-plugin:react-native-gradle-plugin:compileJava NO-SOURCE
> Task :gradle-plugin:react-native-gradle-plugin:pluginDescriptors UP-TO-DATE
> Task :gradle-plugin:react-native-gradle-plugin:processResources UP-TO-DATE
> Task :gradle-plugin:react-native-gradle-plugin:classes UP-TO-DATE
> Task :gradle-plugin:react-native-gradle-plugin:jar UP-TO-DATE

> Configure project :app
WARNING: The option setting 'android.prefabVersion=2.0.0' is experimental.

> Configure project :react-native-video
Kotlin version is correct: 2.1.20
AndroidX version is correct: 1.9.3
useExoplayerIMA: false
useExoplayerSmoothStreaming: true
useExoplayerDash: true
useExoplayerHls: true
useExoplayerRtsp: false
buildFromSource: false

> Configure project :react-native-vision-camera
[VisionCamera] Thank you for using VisionCamera ??
[VisionCamera] If you enjoy using VisionCamera, please consider sponsoring this project: https://github.com/sponsors/mrousavy
[VisionCamera] node_modules found at C:\Users\Lenovo\WebstormProjects\Lumenive_App\node_modules
[VisionCamera] VisionCamera_enableFrameProcessors is set to false!
[VisionCamera] react-native-worklets-core found, Frame Processors are disabled!
[VisionCamera] VisionCamera_enableCodeScanner is set to false!

> Task :app:checkKotlinGradlePluginConfigurationErrors SKIPPED
> Task :app:generateAutolinkingNewArchitectureFiles UP-TO-DATE
> Task :app:generateAutolinkingPackageList UP-TO-DATE
> Task :app:generateCodegenSchemaFromJavaScript SKIPPED
> Task :app:generateCodegenArtifactsFromSchema SKIPPED
> Task :app:generateReactNativeEntryPoint UP-TO-DATE
> Task :react-native-async-storage_async-storage:generateCodegenSchemaFromJavaScript UP-TO-DATE
> Task :react-native-async-storage_async-storage:generateCodegenArtifactsFromSchema UP-TO-DATE
> Task :react-native-async-storage_async-storage:preBuild UP-TO-DATE
> Task :react-native-documents_picker:generateCodegenSchemaFromJavaScript UP-TO-DATE
> Task :react-native-documents_picker:generateCodegenArtifactsFromSchema UP-TO-DATE
> Task :react-native-documents_picker:preBuild UP-TO-DATE
> Task :react-native-encrypted-storage:preBuild UP-TO-DATE
> Task :react-native-fast-tflite:generateCodegenSchemaFromJavaScript UP-TO-DATE
> Task :react-native-fast-tflite:generateCodegenArtifactsFromSchema UP-TO-DATE
> Task :react-native-fast-tflite:preBuild UP-TO-DATE
> Task :react-native-fs:preBuild UP-TO-DATE
> Task :react-native-safe-area-context:generateCodegenSchemaFromJavaScript UP-TO-DATE
> Task :react-native-safe-area-context:generateCodegenArtifactsFromSchema UP-TO-DATE
> Task :react-native-safe-area-context:preBuild UP-TO-DATE
> Task :react-native-screens:generateCodegenSchemaFromJavaScript UP-TO-DATE
> Task :react-native-screens:generateCodegenArtifactsFromSchema UP-TO-DATE
> Task :react-native-screens:preBuild UP-TO-DATE
> Task :react-native-svg:generateCodegenSchemaFromJavaScript UP-TO-DATE
> Task :react-native-svg:generateCodegenArtifactsFromSchema UP-TO-DATE
> Task :react-native-svg:preBuild UP-TO-DATE
> Task :react-native-vector-icons:generateCodegenSchemaFromJavaScript UP-TO-DATE
> Task :react-native-vector-icons:generateCodegenArtifactsFromSchema UP-TO-DATE
> Task :react-native-vector-icons:preBuild UP-TO-DATE
> Task :react-native-video:preBuild UP-TO-DATE
> Task :react-native-vision-camera:generateCodegenSchemaFromJavaScript UP-TO-DATE
> Task :react-native-vision-camera:generateCodegenArtifactsFromSchema UP-TO-DATE
> Task :react-native-vision-camera:prepareHeaders UP-TO-DATE
> Task :react-native-vision-camera:preBuild UP-TO-DATE
> Task :react-native-worklets-core:generateCodegenSchemaFromJavaScript UP-TO-DATE
> Task :react-native-worklets-core:generateCodegenArtifactsFromSchema UP-TO-DATE
> Task :react-native-worklets-core:prepareHeaders UP-TO-DATE
> Task :react-native-worklets-core:preBuild UP-TO-DATE
> Task :app:preBuild UP-TO-DATE
> Task :app:preDebugBuild UP-TO-DATE
> Task :app:generateDebugBuildConfig UP-TO-DATE
> Task :react-native-async-storage_async-storage:preDebugBuild UP-TO-DATE
> Task :react-native-async-storage_async-storage:writeDebugAarMetadata UP-TO-DATE
> Task :react-native-documents_picker:preDebugBuild UP-TO-DATE
> Task :react-native-documents_picker:writeDebugAarMetadata UP-TO-DATE
> Task :react-native-encrypted-storage:preDebugBuild UP-TO-DATE
> Task :react-native-encrypted-storage:writeDebugAarMetadata UP-TO-DATE
> Task :react-native-fast-tflite:preDebugBuild UP-TO-DATE
> Task :react-native-fast-tflite:writeDebugAarMetadata UP-TO-DATE
> Task :react-native-fs:preDebugBuild UP-TO-DATE
> Task :react-native-fs:writeDebugAarMetadata UP-TO-DATE
> Task :react-native-safe-area-context:preDebugBuild UP-TO-DATE
> Task :react-native-safe-area-context:writeDebugAarMetadata UP-TO-DATE
> Task :react-native-screens:preDebugBuild UP-TO-DATE
> Task :react-native-screens:writeDebugAarMetadata UP-TO-DATE
> Task :react-native-svg:preDebugBuild UP-TO-DATE
> Task :react-native-svg:writeDebugAarMetadata UP-TO-DATE
> Task :react-native-vector-icons:preDebugBuild UP-TO-DATE
> Task :react-native-vector-icons:writeDebugAarMetadata UP-TO-DATE
> Task :react-native-video:preDebugBuild UP-TO-DATE
> Task :react-native-video:writeDebugAarMetadata UP-TO-DATE
> Task :react-native-vision-camera:preDebugBuild UP-TO-DATE
> Task :react-native-vision-camera:writeDebugAarMetadata UP-TO-DATE
> Task :react-native-worklets-core:preDebugBuild UP-TO-DATE
> Task :react-native-worklets-core:writeDebugAarMetadata UP-TO-DATE
> Task :app:checkDebugAarMetadata UP-TO-DATE
> Task :app:generateDebugResValues UP-TO-DATE
> Task :react-native-async-storage_async-storage:generateDebugResValues UP-TO-DATE
> Task :react-native-async-storage_async-storage:generateDebugResources UP-TO-DATE
> Task :react-native-async-storage_async-storage:packageDebugResources UP-TO-DATE
> Task :react-native-documents_picker:generateDebugResValues UP-TO-DATE
> Task :react-native-documents_picker:generateDebugResources UP-TO-DATE
> Task :react-native-documents_picker:packageDebugResources UP-TO-DATE
> Task :react-native-encrypted-storage:generateDebugResValues UP-TO-DATE
> Task :react-native-encrypted-storage:generateDebugResources UP-TO-DATE
> Task :react-native-encrypted-storage:packageDebugResources UP-TO-DATE
> Task :react-native-fast-tflite:generateDebugResValues UP-TO-DATE
> Task :react-native-fast-tflite:generateDebugResources UP-TO-DATE
> Task :react-native-fast-tflite:packageDebugResources UP-TO-DATE
> Task :react-native-fs:generateDebugResValues UP-TO-DATE
> Task :react-native-fs:generateDebugResources UP-TO-DATE
> Task :react-native-fs:packageDebugResources UP-TO-DATE
> Task :react-native-safe-area-context:generateDebugResValues UP-TO-DATE
> Task :react-native-safe-area-context:generateDebugResources UP-TO-DATE
> Task :react-native-safe-area-context:packageDebugResources UP-TO-DATE
> Task :react-native-screens:generateDebugResValues UP-TO-DATE
> Task :react-native-screens:generateDebugResources UP-TO-DATE
> Task :react-native-screens:packageDebugResources UP-TO-DATE
> Task :react-native-svg:generateDebugResValues UP-TO-DATE
> Task :react-native-svg:generateDebugResources UP-TO-DATE
> Task :react-native-svg:packageDebugResources UP-TO-DATE
> Task :react-native-vector-icons:generateDebugResValues UP-TO-DATE
> Task :react-native-vector-icons:generateDebugResources UP-TO-DATE
> Task :react-native-vector-icons:packageDebugResources UP-TO-DATE
> Task :react-native-video:generateDebugResValues UP-TO-DATE
> Task :react-native-video:generateDebugResources UP-TO-DATE
> Task :react-native-video:packageDebugResources UP-TO-DATE
> Task :react-native-vision-camera:generateDebugResValues UP-TO-DATE
> Task :react-native-vision-camera:generateDebugResources UP-TO-DATE
> Task :react-native-vision-camera:packageDebugResources UP-TO-DATE
> Task :react-native-worklets-core:generateDebugResValues UP-TO-DATE
> Task :react-native-worklets-core:generateDebugResources UP-TO-DATE
> Task :react-native-worklets-core:packageDebugResources UP-TO-DATE
> Task :app:mapDebugSourceSetPaths UP-TO-DATE
> Task :app:generateDebugResources UP-TO-DATE
> Task :app:mergeDebugResources UP-TO-DATE
> Task :app:packageDebugResources UP-TO-DATE
> Task :app:parseDebugLocalResources UP-TO-DATE
> Task :app:createDebugCompatibleScreenManifests UP-TO-DATE
> Task :app:extractDeepLinksDebug UP-TO-DATE
> Task :react-native-async-storage_async-storage:extractDeepLinksDebug UP-TO-DATE
> Task :react-native-async-storage_async-storage:processDebugManifest UP-TO-DATE
> Task :react-native-documents_picker:extractDeepLinksDebug UP-TO-DATE
> Task :react-native-documents_picker:processDebugManifest UP-TO-DATE
> Task :react-native-encrypted-storage:extractDeepLinksDebug UP-TO-DATE
> Task :react-native-encrypted-storage:processDebugManifest UP-TO-DATE
> Task :react-native-fast-tflite:extractDeepLinksDebug UP-TO-DATE
> Task :react-native-fast-tflite:processDebugManifest UP-TO-DATE
> Task :react-native-fs:extractDeepLinksDebug UP-TO-DATE
> Task :react-native-fs:processDebugManifest UP-TO-DATE
> Task :react-native-safe-area-context:extractDeepLinksDebug UP-TO-DATE
> Task :react-native-safe-area-context:processDebugManifest UP-TO-DATE
> Task :react-native-screens:extractDeepLinksDebug UP-TO-DATE
> Task :react-native-screens:processDebugManifest UP-TO-DATE
> Task :react-native-svg:extractDeepLinksDebug UP-TO-DATE
> Task :react-native-svg:processDebugManifest UP-TO-DATE
> Task :react-native-vector-icons:extractDeepLinksDebug UP-TO-DATE
> Task :react-native-vector-icons:processDebugManifest UP-TO-DATE
> Task :react-native-video:extractDeepLinksDebug UP-TO-DATE
> Task :react-native-video:processDebugManifest UP-TO-DATE
> Task :react-native-vision-camera:extractDeepLinksDebug UP-TO-DATE
> Task :react-native-vision-camera:processDebugManifest UP-TO-DATE
> Task :react-native-worklets-core:extractDeepLinksDebug UP-TO-DATE
> Task :react-native-worklets-core:processDebugManifest UP-TO-DATE
> Task :app:processDebugMainManifest UP-TO-DATE
> Task :app:processDebugManifest UP-TO-DATE
> Task :app:processDebugManifestForPackage UP-TO-DATE
> Task :react-native-async-storage_async-storage:compileDebugLibraryResources UP-TO-DATE
> Task :react-native-async-storage_async-storage:parseDebugLocalResources UP-TO-DATE
> Task :react-native-async-storage_async-storage:generateDebugRFile UP-TO-DATE
> Task :react-native-documents_picker:compileDebugLibraryResources UP-TO-DATE
> Task :react-native-documents_picker:parseDebugLocalResources UP-TO-DATE
> Task :react-native-documents_picker:generateDebugRFile UP-TO-DATE
> Task :react-native-encrypted-storage:compileDebugLibraryResources UP-TO-DATE
> Task :react-native-encrypted-storage:parseDebugLocalResources UP-TO-DATE
> Task :react-native-encrypted-storage:generateDebugRFile UP-TO-DATE
> Task :react-native-fast-tflite:compileDebugLibraryResources UP-TO-DATE
> Task :react-native-fast-tflite:parseDebugLocalResources UP-TO-DATE
> Task :react-native-fast-tflite:generateDebugRFile UP-TO-DATE
> Task :react-native-fs:compileDebugLibraryResources UP-TO-DATE
> Task :react-native-fs:parseDebugLocalResources UP-TO-DATE
> Task :react-native-fs:generateDebugRFile UP-TO-DATE
> Task :react-native-safe-area-context:compileDebugLibraryResources UP-TO-DATE
> Task :react-native-safe-area-context:parseDebugLocalResources UP-TO-DATE
> Task :react-native-safe-area-context:generateDebugRFile UP-TO-DATE
> Task :react-native-screens:compileDebugLibraryResources UP-TO-DATE
> Task :react-native-screens:parseDebugLocalResources UP-TO-DATE
> Task :react-native-screens:generateDebugRFile UP-TO-DATE
> Task :react-native-svg:compileDebugLibraryResources UP-TO-DATE
> Task :react-native-svg:parseDebugLocalResources UP-TO-DATE
> Task :react-native-svg:generateDebugRFile UP-TO-DATE
> Task :react-native-vector-icons:compileDebugLibraryResources UP-TO-DATE
> Task :react-native-vector-icons:parseDebugLocalResources UP-TO-DATE
> Task :react-native-vector-icons:generateDebugRFile UP-TO-DATE
> Task :react-native-video:compileDebugLibraryResources UP-TO-DATE
> Task :react-native-video:parseDebugLocalResources UP-TO-DATE
> Task :react-native-video:generateDebugRFile UP-TO-DATE
> Task :react-native-vision-camera:compileDebugLibraryResources UP-TO-DATE
> Task :react-native-vision-camera:parseDebugLocalResources UP-TO-DATE
> Task :react-native-vision-camera:generateDebugRFile UP-TO-DATE
> Task :react-native-worklets-core:compileDebugLibraryResources UP-TO-DATE
> Task :react-native-worklets-core:parseDebugLocalResources UP-TO-DATE
> Task :react-native-worklets-core:generateDebugRFile UP-TO-DATE
> Task :app:processDebugResources UP-TO-DATE
> Task :react-native-async-storage_async-storage:generateDebugBuildConfig UP-TO-DATE
> Task :react-native-async-storage_async-storage:javaPreCompileDebug UP-TO-DATE
> Task :react-native-async-storage_async-storage:compileDebugJavaWithJavac UP-TO-DATE
> Task :react-native-async-storage_async-storage:bundleLibCompileToJarDebug UP-TO-DATE
> Task :react-native-documents_picker:checkKotlinGradlePluginConfigurationErrors SKIPPED
> Task :react-native-documents_picker:generateDebugBuildConfig UP-TO-DATE
> Task :react-native-documents_picker:compileDebugKotlin UP-TO-DATE
> Task :react-native-documents_picker:javaPreCompileDebug UP-TO-DATE
> Task :react-native-documents_picker:compileDebugJavaWithJavac UP-TO-DATE
> Task :react-native-documents_picker:bundleLibCompileToJarDebug UP-TO-DATE
> Task :react-native-encrypted-storage:generateDebugBuildConfig UP-TO-DATE
> Task :react-native-encrypted-storage:javaPreCompileDebug UP-TO-DATE
> Task :react-native-encrypted-storage:compileDebugJavaWithJavac UP-TO-DATE
> Task :react-native-encrypted-storage:bundleLibCompileToJarDebug UP-TO-DATE
> Task :react-native-fast-tflite:generateDebugBuildConfig UP-TO-DATE
> Task :react-native-fast-tflite:javaPreCompileDebug UP-TO-DATE
> Task :react-native-fast-tflite:compileDebugJavaWithJavac UP-TO-DATE
> Task :react-native-fast-tflite:bundleLibCompileToJarDebug UP-TO-DATE
> Task :react-native-fs:generateDebugBuildConfig UP-TO-DATE
> Task :react-native-fs:javaPreCompileDebug UP-TO-DATE
> Task :react-native-fs:compileDebugJavaWithJavac UP-TO-DATE
> Task :react-native-fs:bundleLibCompileToJarDebug UP-TO-DATE
> Task :react-native-safe-area-context:checkKotlinGradlePluginConfigurationErrors SKIPPED
> Task :react-native-safe-area-context:generateDebugBuildConfig UP-TO-DATE
> Task :react-native-safe-area-context:compileDebugKotlin UP-TO-DATE
> Task :react-native-safe-area-context:javaPreCompileDebug UP-TO-DATE
> Task :react-native-safe-area-context:compileDebugJavaWithJavac UP-TO-DATE
> Task :react-native-safe-area-context:bundleLibCompileToJarDebug UP-TO-DATE
> Task :react-native-screens:checkKotlinGradlePluginConfigurationErrors SKIPPED
> Task :react-native-screens:generateDebugBuildConfig UP-TO-DATE
> Task :react-native-screens:compileDebugKotlin UP-TO-DATE
> Task :react-native-screens:javaPreCompileDebug UP-TO-DATE
> Task :react-native-screens:compileDebugJavaWithJavac UP-TO-DATE
> Task :react-native-screens:bundleLibCompileToJarDebug UP-TO-DATE
> Task :react-native-svg:generateDebugBuildConfig UP-TO-DATE
> Task :react-native-svg:javaPreCompileDebug UP-TO-DATE
> Task :react-native-svg:compileDebugJavaWithJavac UP-TO-DATE
> Task :react-native-svg:bundleLibCompileToJarDebug UP-TO-DATE
> Task :react-native-vector-icons:generateDebugBuildConfig UP-TO-DATE
> Task :react-native-vector-icons:javaPreCompileDebug UP-TO-DATE
> Task :react-native-vector-icons:compileDebugJavaWithJavac UP-TO-DATE
> Task :react-native-vector-icons:bundleLibCompileToJarDebug UP-TO-DATE
> Task :react-native-video:checkKotlinGradlePluginConfigurationErrors SKIPPED
> Task :react-native-video:generateDebugBuildConfig UP-TO-DATE
> Task :react-native-video:compileDebugKotlin UP-TO-DATE
> Task :react-native-video:javaPreCompileDebug UP-TO-DATE
> Task :react-native-video:compileDebugJavaWithJavac UP-TO-DATE
> Task :react-native-video:bundleLibCompileToJarDebug UP-TO-DATE
> Task :react-native-vision-camera:checkKotlinGradlePluginConfigurationErrors SKIPPED
> Task :react-native-vision-camera:generateDebugBuildConfig UP-TO-DATE
> Task :react-native-vision-camera:compileDebugKotlin UP-TO-DATE
> Task :react-native-vision-camera:javaPreCompileDebug UP-TO-DATE
> Task :react-native-vision-camera:compileDebugJavaWithJavac UP-TO-DATE
> Task :react-native-vision-camera:bundleLibCompileToJarDebug UP-TO-DATE
> Task :react-native-worklets-core:generateDebugBuildConfig UP-TO-DATE
> Task :react-native-worklets-core:javaPreCompileDebug UP-TO-DATE
> Task :react-native-worklets-core:compileDebugJavaWithJavac UP-TO-DATE
> Task :react-native-worklets-core:bundleLibCompileToJarDebug UP-TO-DATE
> Task :app:compileDebugKotlin UP-TO-DATE
> Task :app:javaPreCompileDebug UP-TO-DATE
> Task :app:compileDebugJavaWithJavac UP-TO-DATE
> Task :app:mergeDebugShaders UP-TO-DATE
> Task :app:compileDebugShaders NO-SOURCE
> Task :app:copyReactNativeVectorIconFonts UP-TO-DATE
> Task :app:generateDebugAssets UP-TO-DATE
> Task :react-native-async-storage_async-storage:mergeDebugShaders UP-TO-DATE
> Task :react-native-async-storage_async-storage:compileDebugShaders NO-SOURCE
> Task :react-native-async-storage_async-storage:generateDebugAssets UP-TO-DATE
> Task :react-native-async-storage_async-storage:mergeDebugAssets UP-TO-DATE
> Task :react-native-documents_picker:mergeDebugShaders UP-TO-DATE
> Task :react-native-documents_picker:compileDebugShaders NO-SOURCE
> Task :react-native-documents_picker:generateDebugAssets UP-TO-DATE
> Task :react-native-documents_picker:mergeDebugAssets UP-TO-DATE
> Task :react-native-encrypted-storage:mergeDebugShaders UP-TO-DATE
> Task :react-native-encrypted-storage:compileDebugShaders NO-SOURCE
> Task :react-native-encrypted-storage:generateDebugAssets UP-TO-DATE
> Task :react-native-encrypted-storage:mergeDebugAssets UP-TO-DATE
> Task :react-native-fast-tflite:mergeDebugShaders UP-TO-DATE
> Task :react-native-fast-tflite:compileDebugShaders NO-SOURCE
> Task :react-native-fast-tflite:generateDebugAssets UP-TO-DATE
> Task :react-native-fast-tflite:mergeDebugAssets UP-TO-DATE
> Task :react-native-fs:mergeDebugShaders UP-TO-DATE
> Task :react-native-fs:compileDebugShaders NO-SOURCE
> Task :react-native-fs:generateDebugAssets UP-TO-DATE
> Task :react-native-fs:mergeDebugAssets UP-TO-DATE
> Task :react-native-safe-area-context:mergeDebugShaders UP-TO-DATE
> Task :react-native-safe-area-context:compileDebugShaders NO-SOURCE
> Task :react-native-safe-area-context:generateDebugAssets UP-TO-DATE
> Task :react-native-safe-area-context:mergeDebugAssets UP-TO-DATE
> Task :react-native-screens:mergeDebugShaders UP-TO-DATE
> Task :react-native-screens:compileDebugShaders NO-SOURCE
> Task :react-native-screens:generateDebugAssets UP-TO-DATE
> Task :react-native-screens:mergeDebugAssets UP-TO-DATE
> Task :react-native-svg:mergeDebugShaders UP-TO-DATE
> Task :react-native-svg:compileDebugShaders NO-SOURCE
> Task :react-native-svg:generateDebugAssets UP-TO-DATE
> Task :react-native-svg:mergeDebugAssets UP-TO-DATE
> Task :react-native-vector-icons:mergeDebugShaders UP-TO-DATE
> Task :react-native-vector-icons:compileDebugShaders NO-SOURCE
> Task :react-native-vector-icons:generateDebugAssets UP-TO-DATE
> Task :react-native-vector-icons:mergeDebugAssets UP-TO-DATE
> Task :react-native-video:mergeDebugShaders UP-TO-DATE
> Task :react-native-video:compileDebugShaders NO-SOURCE
> Task :react-native-video:generateDebugAssets UP-TO-DATE
> Task :react-native-video:mergeDebugAssets UP-TO-DATE
> Task :react-native-vision-camera:mergeDebugShaders UP-TO-DATE
> Task :react-native-vision-camera:compileDebugShaders NO-SOURCE
> Task :react-native-vision-camera:generateDebugAssets UP-TO-DATE
> Task :react-native-vision-camera:mergeDebugAssets UP-TO-DATE
> Task :react-native-worklets-core:mergeDebugShaders UP-TO-DATE
> Task :react-native-worklets-core:compileDebugShaders NO-SOURCE
> Task :react-native-worklets-core:generateDebugAssets UP-TO-DATE
> Task :react-native-worklets-core:mergeDebugAssets UP-TO-DATE
> Task :app:mergeDebugAssets UP-TO-DATE
> Task :app:compressDebugAssets UP-TO-DATE
> Task :react-native-documents_picker:bundleLibRuntimeToJarDebug UP-TO-DATE
> Task :react-native-safe-area-context:bundleLibRuntimeToJarDebug UP-TO-DATE
> Task :react-native-screens:bundleLibRuntimeToJarDebug UP-TO-DATE
> Task :react-native-video:bundleLibRuntimeToJarDebug UP-TO-DATE
> Task :react-native-vision-camera:bundleLibRuntimeToJarDebug UP-TO-DATE
> Task :react-native-async-storage_async-storage:bundleLibRuntimeToJarDebug UP-TO-DATE
> Task :react-native-encrypted-storage:bundleLibRuntimeToJarDebug UP-TO-DATE
> Task :react-native-fast-tflite:bundleLibRuntimeToJarDebug UP-TO-DATE
> Task :react-native-fs:bundleLibRuntimeToJarDebug UP-TO-DATE
> Task :react-native-svg:bundleLibRuntimeToJarDebug UP-TO-DATE
> Task :react-native-vector-icons:bundleLibRuntimeToJarDebug UP-TO-DATE
> Task :react-native-worklets-core:bundleLibRuntimeToJarDebug UP-TO-DATE
> Task :app:desugarDebugFileDependencies UP-TO-DATE
> Task :app:dexBuilderDebug UP-TO-DATE
> Task :app:mergeDebugGlobalSynthetics UP-TO-DATE
> Task :app:processDebugJavaRes UP-TO-DATE
> Task :react-native-async-storage_async-storage:processDebugJavaRes NO-SOURCE
> Task :react-native-documents_picker:processDebugJavaRes UP-TO-DATE
> Task :react-native-encrypted-storage:processDebugJavaRes NO-SOURCE
> Task :react-native-fast-tflite:processDebugJavaRes NO-SOURCE
> Task :react-native-fs:processDebugJavaRes NO-SOURCE
> Task :react-native-safe-area-context:processDebugJavaRes UP-TO-DATE
> Task :react-native-screens:processDebugJavaRes UP-TO-DATE
> Task :react-native-svg:processDebugJavaRes NO-SOURCE
> Task :react-native-vector-icons:processDebugJavaRes NO-SOURCE
> Task :react-native-video:processDebugJavaRes UP-TO-DATE
> Task :react-native-vision-camera:processDebugJavaRes UP-TO-DATE
> Task :react-native-worklets-core:processDebugJavaRes NO-SOURCE
> Task :app:mergeDebugJavaResource UP-TO-DATE
> Task :app:checkDebugDuplicateClasses UP-TO-DATE
> Task :app:mergeExtDexDebug UP-TO-DATE
> Task :react-native-documents_picker:bundleLibRuntimeToDirDebug UP-TO-DATE
> Task :react-native-safe-area-context:bundleLibRuntimeToDirDebug UP-TO-DATE
> Task :react-native-screens:bundleLibRuntimeToDirDebug UP-TO-DATE
> Task :react-native-video:bundleLibRuntimeToDirDebug UP-TO-DATE
> Task :react-native-vision-camera:bundleLibRuntimeToDirDebug UP-TO-DATE
> Task :react-native-async-storage_async-storage:bundleLibRuntimeToDirDebug UP-TO-DATE
> Task :react-native-encrypted-storage:bundleLibRuntimeToDirDebug UP-TO-DATE
> Task :react-native-fast-tflite:bundleLibRuntimeToDirDebug UP-TO-DATE
> Task :react-native-fs:bundleLibRuntimeToDirDebug UP-TO-DATE
> Task :react-native-svg:bundleLibRuntimeToDirDebug UP-TO-DATE
> Task :react-native-vector-icons:bundleLibRuntimeToDirDebug UP-TO-DATE
> Task :react-native-worklets-core:bundleLibRuntimeToDirDebug UP-TO-DATE
> Task :app:mergeProjectDexDebug UP-TO-DATE
> Task :react-native-vision-camera:configureCMakeDebug[arm64-v8a]
> Task :app:mergeLibDexDebug UP-TO-DATE
> Task :react-native-vision-camera:configureCMakeDebug[armeabi-v7a]
> Task :react-native-vision-camera:configureCMakeDebug[x86]
> Task :react-native-vision-camera:configureCMakeDebug[x86_64]
> Task :react-native-vision-camera:generateJsonModelDebug
> Task :react-native-vision-camera:prefabDebugConfigurePackage UP-TO-DATE
> Task :react-native-worklets-core:configureCMakeDebug[arm64-v8a]
> Task :react-native-worklets-core:buildCMakeDebug[arm64-v8a]
> Task :react-native-worklets-core:configureCMakeDebug[armeabi-v7a]
> Task :react-native-worklets-core:buildCMakeDebug[armeabi-v7a]
> Task :react-native-worklets-core:configureCMakeDebug[x86]
> Task :react-native-worklets-core:buildCMakeDebug[x86]
> Task :react-native-worklets-core:configureCMakeDebug[x86_64]
> Task :react-native-worklets-core:buildCMakeDebug[x86_64]
> Task :react-native-worklets-core:externalNativeBuildDebug
> Task :react-native-worklets-core:generateJsonModelDebug
> Task :react-native-worklets-core:prefabDebugConfigurePackage
> Task :app:configureCMakeDebug[arm64-v8a]
> Task :react-native-vision-camera:buildCMakeDebug[arm64-v8a]
> Task :react-native-vision-camera:buildCMakeDebug[armeabi-v7a]
> Task :react-native-vision-camera:buildCMakeDebug[x86]
> Task :react-native-vision-camera:buildCMakeDebug[x86_64]
> Task :react-native-vision-camera:externalNativeBuildDebug
> Task :react-native-vision-camera:prefabDebugPackage UP-TO-DATE
> Task :react-native-worklets-core:prefabDebugPackage UP-TO-DATE
> Task :app:buildCMakeDebug[arm64-v8a]
> Task :app:configureCMakeDebug[armeabi-v7a]
> Task :app:buildCMakeDebug[armeabi-v7a]
> Task :app:configureCMakeDebug[x86]
> Task :app:buildCMakeDebug[x86]
> Task :app:configureCMakeDebug[x86_64]
> Task :app:buildCMakeDebug[x86_64]
> Task :app:mergeDebugJniLibFolders UP-TO-DATE
> Task :react-native-async-storage_async-storage:mergeDebugJniLibFolders UP-TO-DATE
> Task :react-native-async-storage_async-storage:mergeDebugNativeLibs NO-SOURCE
> Task :react-native-async-storage_async-storage:copyDebugJniLibsProjectOnly UP-TO-DATE
> Task :react-native-documents_picker:mergeDebugJniLibFolders UP-TO-DATE
> Task :react-native-documents_picker:mergeDebugNativeLibs NO-SOURCE
> Task :react-native-documents_picker:copyDebugJniLibsProjectOnly UP-TO-DATE
> Task :react-native-encrypted-storage:mergeDebugJniLibFolders UP-TO-DATE
> Task :react-native-encrypted-storage:mergeDebugNativeLibs NO-SOURCE
> Task :react-native-encrypted-storage:copyDebugJniLibsProjectOnly UP-TO-DATE
> Task :react-native-fast-tflite:extractAARHeaders
> Task :react-native-fast-tflite:extractSOFiles
> Task :react-native-fast-tflite:configureCMakeDebug[arm64-v8a]
> Task :react-native-fast-tflite:cleanEmptyDirectories

> Task :react-native-fast-tflite:buildCMakeDebug[arm64-v8a]
C/C++: ninja: Entering directory `C:\Users\Lenovo\WebstormProjects\Lumenive_App\node_modules\react-native-fast-tflite\android\.cxx\Debug\mt1z53gw\arm64-v8a'
C/C++: C:/Users/Lenovo/WebstormProjects/Lumenive_App/node_modules/react-native-fast-tflite/cpp/TensorflowPlugin.cpp:73:11: warning: ignoring return value of function declared with 'nodiscard' attribute [-Wunused-result]
C/C++:    73 |           std::async(std::launch::async, [=, &runtime]() {
C/C++:       |           ^~~~~~~~~~ ~~~~~~~~~~~~~~~~~~~~~~~~~~~~~~~~~~~~~
C/C++:    74 |             try {
C/C++:       |             ~~~~~
C/C++:    75 |               // Fetch model from URL (JS bundle)
C/C++:       |               ~~~~~~~~~~~~~~~~~~~~~~~~~~~~~~~~~~~
C/C++:    76 |               Buffer buffer = fetchURL(modelPath);
C/C++:       |               ~~~~~~~~~~~~~~~~~~~~~~~~~~~~~~~~~~~~
C/C++:    77 | 
C/C++:    78 |               // Load Model into Tensorflow
C/C++:       |               ~~~~~~~~~~~~~~~~~~~~~~~~~~~~~
C/C++:    79 |               auto model = TfLiteModelCreate(buffer.data, buffer.size);
C/C++:       |               ~~~~~~~~~~~~~~~~~~~~~~~~~~~~~~~~~~~~~~~~~~~~~~~~~~~~~~~~~
C/C++:    80 |               if (model == nullptr) {
C/C++:       |               ~~~~~~~~~~~~~~~~~~~~~~~
C/C++:    81 |                 callInvoker->invokeAsync(
C/C++:       |                 ~~~~~~~~~~~~~~~~~~~~~~~~~
C/C++:    82 |                     [=]() { promise->reject("Failed to load model from \"" + modelPath + "\"!"); });
C/C++:       |                     ~~~~~~~~~~~~~~~~~~~~~~~~~~~~~~~~~~~~~~~~~~~~~~~~~~~~~~~~~~~~~~~~~~~~~~~~~~~~~~~~
C/C++:    83 |                 return;
C/C++:       |                 ~~~~~~~
C/C++:    84 |               }
C/C++:       |               ~
C/C++:    85 | 
C/C++:    86 |               // Create TensorFlow Interpreter
C/C++:       |               ~~~~~~~~~~~~~~~~~~~~~~~~~~~~~~~~
C/C++:    87 |               auto options = TfLiteInterpreterOptionsCreate();
C/C++:       |               ~~~~~~~~~~~~~~~~~~~~~~~~~~~~~~~~~~~~~~~~~~~~~~~~
C/C++:    88 | 
C/C++: C:/Users/Lenovo/WebstormProjects/Lumenive_App/node_modules/react-native-fast-tflite/cpp/TensorflowPlugin.cpp:317:17: warning: ignoring return value of function declared with 'nodiscard' attribute [-Wunused-result]
C/C++:   317 |                 std::async(std::launch::async, [=, &runtime]() {
C/C++:       |                 ^~~~~~~~~~ ~~~~~~~~~~~~~~~~~~~~~~~~~~~~~~~~~~~~~
C/C++:   318 |                   // 2.
C/C++:       |                   ~~~~~
C/C++:   319 |                   try {
C/C++:       |                   ~~~~~
C/C++:   320 |                     this->run();
C/C++:       |                     ~~~~~~~~~~~~
C/C++:   321 | 
C/C++:   322 |                     this->_callInvoker->invokeAsync([=, &runtime]() {
C/C++:       |                     ~~~~~~~~~~~~~~~~~~~~~~~~~~~~~~~~~~~~~~~~~~~~~~~~~
C/C++:   323 |                       // 3.
C/C++:       |                       ~~~~~
C/C++:   324 |                       auto result = this->copyOutputBuffers(runtime);
C/C++:       |                       ~~~~~~~~~~~~~~~~~~~~~~~~~~~~~~~~~~~~~~~~~~~~~~~
C/C++:   325 |                       promise->resolve(std::move(result));
C/C++:       |                       ~~~~~~~~~~~~~~~~~~~~~~~~~~~~~~~~~~~~
C/C++:   326 |                     });
C/C++:       |                     ~~~
C/C++:   327 |                   } catch (std::exception& error) {
C/C++:       |                   ~~~~~~~~~~~~~~~~~~~~~~~~~~~~~~~~~
C/C++:   328 |                     promise->reject(error.what());
C/C++:       |                     ~~~~~~~~~~~~~~~~~~~~~~~~~~~~~~
C/C++:   329 |                   }
C/C++:       |                   ~
C/C++:   330 |                 });
C/C++:       |                 ~
C/C++: 2 warnings generated.

> Task :react-native-fast-tflite:configureCMakeDebug[armeabi-v7a]

> Task :react-native-fast-tflite:buildCMakeDebug[armeabi-v7a]
C/C++: ninja: Entering directory `C:\Users\Lenovo\WebstormProjects\Lumenive_App\node_modules\react-native-fast-tflite\android\.cxx\Debug\mt1z53gw\armeabi-v7a'
C/C++: C:/Users/Lenovo/WebstormProjects/Lumenive_App/node_modules/react-native-fast-tflite/cpp/TensorflowPlugin.cpp:73:11: warning: ignoring return value of function declared with 'nodiscard' attribute [-Wunused-result]
C/C++:    73 |           std::async(std::launch::async, [=, &runtime]() {
C/C++:       |           ^~~~~~~~~~ ~~~~~~~~~~~~~~~~~~~~~~~~~~~~~~~~~~~~~
C/C++:    74 |             try {
C/C++:       |             ~~~~~
C/C++:    75 |               // Fetch model from URL (JS bundle)
C/C++:       |               ~~~~~~~~~~~~~~~~~~~~~~~~~~~~~~~~~~~
C/C++:    76 |               Buffer buffer = fetchURL(modelPath);
C/C++:       |               ~~~~~~~~~~~~~~~~~~~~~~~~~~~~~~~~~~~~
C/C++:    77 | 
C/C++:    78 |               // Load Model into Tensorflow
C/C++:       |               ~~~~~~~~~~~~~~~~~~~~~~~~~~~~~
C/C++:    79 |               auto model = TfLiteModelCreate(buffer.data, buffer.size);
C/C++:       |               ~~~~~~~~~~~~~~~~~~~~~~~~~~~~~~~~~~~~~~~~~~~~~~~~~~~~~~~~~
C/C++:    80 |               if (model == nullptr) {
C/C++:       |               ~~~~~~~~~~~~~~~~~~~~~~~
C/C++:    81 |                 callInvoker->invokeAsync(
C/C++:       |                 ~~~~~~~~~~~~~~~~~~~~~~~~~
C/C++:    82 |                     [=]() { promise->reject("Failed to load model from \"" + modelPath + "\"!"); });
C/C++:       |                     ~~~~~~~~~~~~~~~~~~~~~~~~~~~~~~~~~~~~~~~~~~~~~~~~~~~~~~~~~~~~~~~~~~~~~~~~~~~~~~~~
C/C++:    83 |                 return;
C/C++:       |                 ~~~~~~~
C/C++:    84 |               }
C/C++:       |               ~
C/C++:    85 | 
C/C++:    86 |               // Create TensorFlow Interpreter
C/C++:       |               ~~~~~~~~~~~~~~~~~~~~~~~~~~~~~~~~
C/C++:    87 |               auto options = TfLiteInterpreterOptionsCreate();
C/C++:       |               ~~~~~~~~~~~~~~~~~~~~~~~~~~~~~~~~~~~~~~~~~~~~~~~~
C/C++:    88 | 
C/C++: C:/Users/Lenovo/WebstormProjects/Lumenive_App/node_modules/react-native-fast-tflite/cpp/TensorflowPlugin.cpp:317:17: warning: ignoring return value of function declared with 'nodiscard' attribute [-Wunused-result]
C/C++:   317 |                 std::async(std::launch::async, [=, &runtime]() {
C/C++:       |                 ^~~~~~~~~~ ~~~~~~~~~~~~~~~~~~~~~~~~~~~~~~~~~~~~~
C/C++:   318 |                   // 2.
C/C++:       |                   ~~~~~
C/C++:   319 |                   try {
C/C++:       |                   ~~~~~
C/C++:   320 |                     this->run();
C/C++:       |                     ~~~~~~~~~~~~
C/C++:   321 | 
C/C++:   322 |                     this->_callInvoker->invokeAsync([=, &runtime]() {
C/C++:       |                     ~~~~~~~~~~~~~~~~~~~~~~~~~~~~~~~~~~~~~~~~~~~~~~~~~
C/C++:   323 |                       // 3.
C/C++:       |                       ~~~~~
C/C++:   324 |                       auto result = this->copyOutputBuffers(runtime);
C/C++:       |                       ~~~~~~~~~~~~~~~~~~~~~~~~~~~~~~~~~~~~~~~~~~~~~~~
C/C++:   325 |                       promise->resolve(std::move(result));
C/C++:       |                       ~~~~~~~~~~~~~~~~~~~~~~~~~~~~~~~~~~~~
C/C++:   326 |                     });
C/C++:       |                     ~~~
C/C++:   327 |                   } catch (std::exception& error) {
C/C++:       |                   ~~~~~~~~~~~~~~~~~~~~~~~~~~~~~~~~~
C/C++:   328 |                     promise->reject(error.what());
C/C++:       |                     ~~~~~~~~~~~~~~~~~~~~~~~~~~~~~~
C/C++:   329 |                   }
C/C++:       |                   ~
C/C++:   330 |                 });
C/C++:       |                 ~
C/C++: 2 warnings generated.

> Task :react-native-fast-tflite:configureCMakeDebug[x86]

> Task :react-native-fast-tflite:buildCMakeDebug[x86]
C/C++: ninja: Entering directory `C:\Users\Lenovo\WebstormProjects\Lumenive_App\node_modules\react-native-fast-tflite\android\.cxx\Debug\mt1z53gw\x86'
C/C++: C:/Users/Lenovo/WebstormProjects/Lumenive_App/node_modules/react-native-fast-tflite/cpp/TensorflowPlugin.cpp:73:11: warning: ignoring return value of function declared with 'nodiscard' attribute [-Wunused-result]
C/C++:    73 |           std::async(std::launch::async, [=, &runtime]() {
C/C++:       |           ^~~~~~~~~~ ~~~~~~~~~~~~~~~~~~~~~~~~~~~~~~~~~~~~~
C/C++:    74 |             try {
C/C++:       |             ~~~~~
C/C++:    75 |               // Fetch model from URL (JS bundle)
C/C++:       |               ~~~~~~~~~~~~~~~~~~~~~~~~~~~~~~~~~~~
C/C++:    76 |               Buffer buffer = fetchURL(modelPath);
C/C++:       |               ~~~~~~~~~~~~~~~~~~~~~~~~~~~~~~~~~~~~
C/C++:    77 | 
C/C++:    78 |               // Load Model into Tensorflow
C/C++:       |               ~~~~~~~~~~~~~~~~~~~~~~~~~~~~~
C/C++:    79 |               auto model = TfLiteModelCreate(buffer.data, buffer.size);
C/C++:       |               ~~~~~~~~~~~~~~~~~~~~~~~~~~~~~~~~~~~~~~~~~~~~~~~~~~~~~~~~~
C/C++:    80 |               if (model == nullptr) {
C/C++:       |               ~~~~~~~~~~~~~~~~~~~~~~~
C/C++:    81 |                 callInvoker->invokeAsync(
C/C++:       |                 ~~~~~~~~~~~~~~~~~~~~~~~~~
C/C++:    82 |                     [=]() { promise->reject("Failed to load model from \"" + modelPath + "\"!"); });
C/C++:       |                     ~~~~~~~~~~~~~~~~~~~~~~~~~~~~~~~~~~~~~~~~~~~~~~~~~~~~~~~~~~~~~~~~~~~~~~~~~~~~~~~~
C/C++:    83 |                 return;
C/C++:       |                 ~~~~~~~
C/C++:    84 |               }
C/C++:       |               ~
C/C++:    85 | 
C/C++:    86 |               // Create TensorFlow Interpreter
C/C++:       |               ~~~~~~~~~~~~~~~~~~~~~~~~~~~~~~~~
C/C++:    87 |               auto options = TfLiteInterpreterOptionsCreate();
C/C++:       |               ~~~~~~~~~~~~~~~~~~~~~~~~~~~~~~~~~~~~~~~~~~~~~~~~
C/C++:    88 | 
C/C++: C:/Users/Lenovo/WebstormProjects/Lumenive_App/node_modules/react-native-fast-tflite/cpp/TensorflowPlugin.cpp:317:17: warning: ignoring return value of function declared with 'nodiscard' attribute [-Wunused-result]
C/C++:   317 |                 std::async(std::launch::async, [=, &runtime]() {
C/C++:       |                 ^~~~~~~~~~ ~~~~~~~~~~~~~~~~~~~~~~~~~~~~~~~~~~~~~
C/C++:   318 |                   // 2.
C/C++:       |                   ~~~~~
C/C++:   319 |                   try {
C/C++:       |                   ~~~~~
C/C++:   320 |                     this->run();
C/C++:       |                     ~~~~~~~~~~~~
C/C++:   321 | 
C/C++:   322 |                     this->_callInvoker->invokeAsync([=, &runtime]() {
C/C++:       |                     ~~~~~~~~~~~~~~~~~~~~~~~~~~~~~~~~~~~~~~~~~~~~~~~~~
C/C++:   323 |                       // 3.
C/C++:       |                       ~~~~~
C/C++:   324 |                       auto result = this->copyOutputBuffers(runtime);
C/C++:       |                       ~~~~~~~~~~~~~~~~~~~~~~~~~~~~~~~~~~~~~~~~~~~~~~~
C/C++:   325 |                       promise->resolve(std::move(result));
C/C++:       |                       ~~~~~~~~~~~~~~~~~~~~~~~~~~~~~~~~~~~~
C/C++:   326 |                     });
C/C++:       |                     ~~~
C/C++:   327 |                   } catch (std::exception& error) {
C/C++:       |                   ~~~~~~~~~~~~~~~~~~~~~~~~~~~~~~~~~
C/C++:   328 |                     promise->reject(error.what());
C/C++:       |                     ~~~~~~~~~~~~~~~~~~~~~~~~~~~~~~
C/C++:   329 |                   }
C/C++:       |                   ~
C/C++:   330 |                 });
C/C++:       |                 ~
C/C++: 2 warnings generated.

> Task :react-native-fast-tflite:configureCMakeDebug[x86_64]

> Task :react-native-fast-tflite:buildCMakeDebug[x86_64]
C/C++: ninja: Entering directory `C:\Users\Lenovo\WebstormProjects\Lumenive_App\node_modules\react-native-fast-tflite\android\.cxx\Debug\mt1z53gw\x86_64'
C/C++: C:/Users/Lenovo/WebstormProjects/Lumenive_App/node_modules/react-native-fast-tflite/cpp/TensorflowPlugin.cpp:73:11: warning: ignoring return value of function declared with 'nodiscard' attribute [-Wunused-result]
C/C++:    73 |           std::async(std::launch::async, [=, &runtime]() {
C/C++:       |           ^~~~~~~~~~ ~~~~~~~~~~~~~~~~~~~~~~~~~~~~~~~~~~~~~
C/C++:    74 |             try {
C/C++:       |             ~~~~~
C/C++:    75 |               // Fetch model from URL (JS bundle)
C/C++:       |               ~~~~~~~~~~~~~~~~~~~~~~~~~~~~~~~~~~~
C/C++:    76 |               Buffer buffer = fetchURL(modelPath);
C/C++:       |               ~~~~~~~~~~~~~~~~~~~~~~~~~~~~~~~~~~~~
C/C++:    77 | 
C/C++:    78 |               // Load Model into Tensorflow
C/C++:       |               ~~~~~~~~~~~~~~~~~~~~~~~~~~~~~
C/C++:    79 |               auto model = TfLiteModelCreate(buffer.data, buffer.size);
C/C++:       |               ~~~~~~~~~~~~~~~~~~~~~~~~~~~~~~~~~~~~~~~~~~~~~~~~~~~~~~~~~
C/C++:    80 |               if (model == nullptr) {
C/C++:       |               ~~~~~~~~~~~~~~~~~~~~~~~
C/C++:    81 |                 callInvoker->invokeAsync(
C/C++:       |                 ~~~~~~~~~~~~~~~~~~~~~~~~~
C/C++:    82 |                     [=]() { promise->reject("Failed to load model from \"" + modelPath + "\"!"); });
C/C++:       |                     ~~~~~~~~~~~~~~~~~~~~~~~~~~~~~~~~~~~~~~~~~~~~~~~~~~~~~~~~~~~~~~~~~~~~~~~~~~~~~~~~
C/C++:    83 |                 return;
C/C++:       |                 ~~~~~~~
C/C++:    84 |               }
C/C++:       |               ~
C/C++:    85 | 
C/C++:    86 |               // Create TensorFlow Interpreter
C/C++:       |               ~~~~~~~~~~~~~~~~~~~~~~~~~~~~~~~~
C/C++:    87 |               auto options = TfLiteInterpreterOptionsCreate();
C/C++:       |               ~~~~~~~~~~~~~~~~~~~~~~~~~~~~~~~~~~~~~~~~~~~~~~~~
C/C++:    88 | 
C/C++: C:/Users/Lenovo/WebstormProjects/Lumenive_App/node_modules/react-native-fast-tflite/cpp/TensorflowPlugin.cpp:317:17: warning: ignoring return value of function declared with 'nodiscard' attribute [-Wunused-result]
C/C++:   317 |                 std::async(std::launch::async, [=, &runtime]() {
C/C++:       |                 ^~~~~~~~~~ ~~~~~~~~~~~~~~~~~~~~~~~~~~~~~~~~~~~~~
C/C++:   318 |                   // 2.
C/C++:       |                   ~~~~~
C/C++:   319 |                   try {
C/C++:       |                   ~~~~~
C/C++:   320 |                     this->run();
C/C++:       |                     ~~~~~~~~~~~~
C/C++:   321 | 
C/C++:   322 |                     this->_callInvoker->invokeAsync([=, &runtime]() {
C/C++:       |                     ~~~~~~~~~~~~~~~~~~~~~~~~~~~~~~~~~~~~~~~~~~~~~~~~~
C/C++:   323 |                       // 3.
C/C++:       |                       ~~~~~
C/C++:   324 |                       auto result = this->copyOutputBuffers(runtime);
C/C++:       |                       ~~~~~~~~~~~~~~~~~~~~~~~~~~~~~~~~~~~~~~~~~~~~~~~
C/C++:   325 |                       promise->resolve(std::move(result));
C/C++:       |                       ~~~~~~~~~~~~~~~~~~~~~~~~~~~~~~~~~~~~
C/C++:   326 |                     });
C/C++:       |                     ~~~
C/C++:   327 |                   } catch (std::exception& error) {
C/C++:       |                   ~~~~~~~~~~~~~~~~~~~~~~~~~~~~~~~~~
C/C++:   328 |                     promise->reject(error.what());
C/C++:       |                     ~~~~~~~~~~~~~~~~~~~~~~~~~~~~~~
C/C++:   329 |                   }
C/C++:       |                   ~
C/C++:   330 |                 });
C/C++:       |                 ~
C/C++: 2 warnings generated.

> Task :react-native-fast-tflite:mergeDebugJniLibFolders UP-TO-DATE
> Task :react-native-fast-tflite:mergeDebugNativeLibs UP-TO-DATE
> Task :react-native-fast-tflite:copyDebugJniLibsProjectOnly UP-TO-DATE
> Task :react-native-fs:mergeDebugJniLibFolders UP-TO-DATE
> Task :react-native-fs:mergeDebugNativeLibs NO-SOURCE
> Task :react-native-fs:copyDebugJniLibsProjectOnly UP-TO-DATE
> Task :react-native-safe-area-context:mergeDebugJniLibFolders UP-TO-DATE
> Task :react-native-safe-area-context:mergeDebugNativeLibs NO-SOURCE
> Task :react-native-safe-area-context:copyDebugJniLibsProjectOnly UP-TO-DATE
> Task :react-native-screens:configureCMakeDebug[arm64-v8a]
> Task :react-native-screens:buildCMakeDebug[arm64-v8a]
> Task :react-native-screens:configureCMakeDebug[armeabi-v7a]
> Task :react-native-screens:buildCMakeDebug[armeabi-v7a]
> Task :react-native-screens:configureCMakeDebug[x86]
> Task :react-native-screens:buildCMakeDebug[x86]
> Task :react-native-screens:configureCMakeDebug[x86_64]
> Task :react-native-screens:buildCMakeDebug[x86_64]
> Task :react-native-screens:mergeDebugJniLibFolders UP-TO-DATE
> Task :react-native-screens:mergeDebugNativeLibs UP-TO-DATE
> Task :react-native-screens:copyDebugJniLibsProjectOnly UP-TO-DATE
> Task :react-native-svg:mergeDebugJniLibFolders UP-TO-DATE
> Task :react-native-svg:mergeDebugNativeLibs NO-SOURCE
> Task :react-native-svg:copyDebugJniLibsProjectOnly UP-TO-DATE
> Task :react-native-vector-icons:mergeDebugJniLibFolders UP-TO-DATE
> Task :react-native-vector-icons:mergeDebugNativeLibs NO-SOURCE
> Task :react-native-vector-icons:copyDebugJniLibsProjectOnly UP-TO-DATE
> Task :react-native-video:mergeDebugJniLibFolders UP-TO-DATE
> Task :react-native-video:mergeDebugNativeLibs NO-SOURCE
> Task :react-native-video:copyDebugJniLibsProjectOnly UP-TO-DATE
> Task :react-native-vision-camera:mergeDebugJniLibFolders UP-TO-DATE
> Task :react-native-vision-camera:mergeDebugNativeLibs UP-TO-DATE
> Task :react-native-vision-camera:copyDebugJniLibsProjectOnly UP-TO-DATE
> Task :react-native-worklets-core:mergeDebugJniLibFolders UP-TO-DATE
> Task :react-native-worklets-core:mergeDebugNativeLibs UP-TO-DATE
> Task :react-native-worklets-core:copyDebugJniLibsProjectOnly UP-TO-DATE
> Task :app:mergeDebugNativeLibs UP-TO-DATE
> Task :app:stripDebugDebugSymbols UP-TO-DATE
> Task :app:validateSigningDebug UP-TO-DATE
> Task :app:writeDebugAppMetadata UP-TO-DATE
> Task :app:writeDebugSigningConfigVersions UP-TO-DATE
> Task :app:packageDebug UP-TO-DATE
> Task :app:createDebugApkListingFileRedirect UP-TO-DATE

> Task :app:installDebug
Installing APK 'app-debug.apk' on 'Pixel_9(AVD) - 16' for :app:debug

> Task :app:installDebug FAILED

[Incubating] Problems report is available at: file:///C:/Users/Lenovo/WebstormProjects/Lumenive_App/android/build/reports/problems/problems-report.html

Deprecated Gradle features were used in this build, making it incompatible with Gradle 10.

You can use '--warning-mode all' to show the individual deprecation warnings and determine if they come from your own scripts or plugins.

For more on this, please refer to https://docs.gradle.org/9.0.0/userguide/command_line_interface.html#sec:command_line_warnings in the Gradle documentation.
363 actionable tasks: 47 executed, 316 up-to-date

info ≡ƒÆí Tip: Make sure that you have set up your development environment correctly, by running react-native doctor. To read more about doctor command visit: https://github.com/react-native-community/cli/blob/main/packages/cli-doctor/README.md#doctor 

Unable to install C:\Users\Lenovo\WebstormProjects\Lumenive_App\android\app\build\outputs\apk\debug\app-debug.apk
com.android.ddmlib.InstallException: Unknown failure: Exception occurred while executing 'install':
android.os.ParcelableException: java.io.IOException: Requested internal only, but not enough space
at android.util.ExceptionUtils.wrap(ExceptionUtils.java:34)
at com.android.server.pm.PackageInstallerService.createSession(PackageInstallerService.java:671)
at com.android.server.pm.PackageManagerShellCommand.doCreateSession(PackageManagerShellCommand.java:3978)
at com.android.server.pm.PackageManagerShellCommand.doRunInstall(PackageManagerShellCommand.java:1626)
at com.android.server.pm.PackageManagerShellCommand.runInstall(PackageManagerShellCommand.java:1562)
at com.android.server.pm.PackageManagerShellCommand.onCommand(PackageManagerShellCommand.java:246)
at com.android.modules.utils.BasicShellCommandHandler.exec(BasicShellCommandHandler.java:97)
at android.os.ShellCommand.exec(ShellCommand.java:38)
at com.android.server.pm.PackageManagerService$IPackageManagerImpl.onShellCommand(PackageManagerService.java:6684)
at android.os.Binder.shellCommand(Binder.java:1151)
at android.os.Binder.onTransact(Binder.java:953)
at android.content.pm.IPackageManager$Stub.onTransact(IPackageManager.java:4729)
at com.android.server.pm.PackageManagerService$IPackageManagerImpl.onTransact(PackageManagerService.java:6668)
at android.os.Binder.execTransactInternal(Binder.java:1426)
at android.os.Binder.execTransact(Binder.java:1365)
Caused by: java.io.IOException: Requested internal only, but not enough space
at com.android.internal.content.InstallLocationUtils.resolveInstallVolume(InstallLocationUtils.java:242)
at com.android.internal.content.InstallLocationUtils.resolveInstallVolume(InstallLocationUtils.java:153)
at com.android.internal.content.InstallLocationUtils.resolveInstallVolume(InstallLocationUtils.java:168)
at com.android.server.pm.PackageInstallerService.createSessionInternal(PackageInstallerService.java:966)
at com.android.server.pm.PackageInstallerService.createSession(PackageInstallerService.java:668)
... 13 more
	at com.android.ddmlib.IDeviceSharedImpl.installRemotePackage(IDeviceSharedImpl.java:344)
	at com.android.ddmlib.IDeviceSharedImpl.installPackage(IDeviceSharedImpl.java:367)
	at com.android.ddmlib.internal.DeviceImpl.lambda$installPackage$33(DeviceImpl.java:1470)
	at com.android.ddmlib.internal.DeviceImpl.logRun3(DeviceImpl.java:1833)
	at com.android.ddmlib.internal.DeviceImpl.installPackage(DeviceImpl.java:1467)
	at com.android.ddmlib.internal.DeviceImpl.lambda$installPackage$32(DeviceImpl.java:1447)
	at com.android.ddmlib.internal.DeviceImpl.logRun3(DeviceImpl.java:1833)
	at com.android.ddmlib.internal.DeviceImpl.installPackage(DeviceImpl.java:1443)
	at com.android.ddmlib.internal.DeviceImpl.lambda$installPackage$31(DeviceImpl.java:1433)
	at com.android.ddmlib.internal.DeviceImpl.logRun3(DeviceImpl.java:1833)
	at com.android.ddmlib.internal.DeviceImpl.installPackage(DeviceImpl.java:1431)
	at com.android.build.gradle.internal.testing.ConnectedDevice.installPackage(ConnectedDevice.java:129)
	at com.android.build.gradle.internal.tasks.InstallVariantTask.installPackages(InstallVariantTask.java:214)
	at com.android.build.gradle.internal.tasks.InstallVariantTask.install(InstallVariantTask.java:187)
	at com.android.build.gradle.internal.tasks.InstallVariantTask.lambda$doTaskAction$1(InstallVariantTask.java:124)
	at com.android.builder.testing.api.DeviceProvider.use(DeviceProvider.java:55)
	at com.android.build.gradle.internal.tasks.InstallVariantTask.doTaskAction(InstallVariantTask.java:109)
	at com.android.build.gradle.internal.tasks.NonIncrementalTask$taskAction$$inlined$recordTaskAction$1.invoke(BaseTask.kt:60)
	at com.android.build.gradle.internal.tasks.Blocks.recordSpan(Blocks.java:51)
	at com.android.build.gradle.internal.tasks.NonIncrementalTask.taskAction(NonIncrementalTask.kt:78)
	at java.base@17.0.17/jdk.internal.reflect.NativeMethodAccessorImpl.invoke0(Native Method)
	at java.base@17.0.17/jdk.internal.reflect.NativeMethodAccessorImpl.invoke(NativeMethodAccessorImpl.java:77)
	at java.base@17.0.17/jdk.internal.reflect.DelegatingMethodAccessorImpl.invoke(DelegatingMethodAccessorImpl.java:43)
	at java.base@17.0.17/java.lang.reflect.Method.invoke(Method.java:569)
	at org.gradle.internal.reflect.JavaMethod.invoke(JavaMethod.java:125)
	at org.gradle.api.internal.project.taskfactory.StandardTaskAction.doExecute(StandardTaskAction.java:58)
	at org.gradle.api.internal.project.taskfactory.StandardTaskAction.execute(StandardTaskAction.java:51)
	at org.gradle.api.internal.project.taskfactory.StandardTaskAction.execute(StandardTaskAction.java:29)
	at org.gradle.api.internal.tasks.execution.TaskExecution$3.run(TaskExecution.java:252)
	at org.gradle.internal.operations.DefaultBuildOperationRunner$1.execute(DefaultBuildOperationRunner.java:29)
	at org.gradle.internal.operations.DefaultBuildOperationRunner$1.execute(DefaultBuildOperationRunner.java:26)
	at org.gradle.internal.operations.DefaultBuildOperationRunner$2.execute(DefaultBuildOperationRunner.java:66)
	at org.gradle.internal.operations.DefaultBuildOperationRunner$2.execute(DefaultBuildOperationRunner.java:59)
	at org.gradle.internal.operations.DefaultBuildOperationRunner.execute(DefaultBuildOperationRunner.java:166)
	at org.gradle.internal.operations.DefaultBuildOperationRunner.execute(DefaultBuildOperationRunner.java:59)
	at org.gradle.internal.operations.DefaultBuildOperationRunner.run(DefaultBuildOperationRunner.java:47)
	at org.gradle.api.internal.tasks.execution.TaskExecution.executeAction(TaskExecution.java:237)
	at org.gradle.api.internal.tasks.execution.TaskExecution.executeActions(TaskExecution.java:220)
	at org.gradle.api.internal.tasks.execution.TaskExecution.executeWithPreviousOutputFiles(TaskExecution.java:203)
	at org.gradle.api.internal.tasks.execution.TaskExecution.execute(TaskExecution.java:170)
	at org.gradle.internal.execution.steps.ExecuteStep.executeInternal(ExecuteStep.java:105)
	at org.gradle.internal.execution.steps.ExecuteStep.access$000(ExecuteStep.java:44)
	at org.gradle.internal.execution.steps.ExecuteStep$1.call(ExecuteStep.java:59)
	at org.gradle.internal.execution.steps.ExecuteStep$1.call(ExecuteStep.java:56)
	at org.gradle.internal.operations.DefaultBuildOperationRunner$CallableBuildOperationWorker.execute(DefaultBuildOperationRunner.java:209)
	at org.gradle.internal.operations.DefaultBuildOperationRunner$CallableBuildOperationWorker.execute(DefaultBuildOperationRunner.java:204)
	at org.gradle.internal.operations.DefaultBuildOperationRunner$2.execute(DefaultBuildOperationRunner.java:66)
	at org.gradle.internal.operations.DefaultBuildOperationRunner$2.execute(DefaultBuildOperationRunner.java:59)
	at org.gradle.internal.operations.DefaultBuildOperationRunner.execute(DefaultBuildOperationRunner.java:166)
	at org.gradle.internal.operations.DefaultBuildOperationRunner.execute(DefaultBuildOperationRunner.java:59)
	at org.gradle.internal.operations.DefaultBuildOperationRunner.call(DefaultBuildOperationRunner.java:53)
	at org.gradle.internal.execution.steps.ExecuteStep.execute(ExecuteStep.java:56)
	at org.gradle.internal.execution.steps.ExecuteStep.execute(ExecuteStep.java:44)
	at org.gradle.internal.execution.steps.CancelExecutionStep.execute(CancelExecutionStep.java:42)
	at org.gradle.internal.execution.steps.TimeoutStep.executeWithoutTimeout(TimeoutStep.java:75)
	at org.gradle.internal.execution.steps.TimeoutStep.execute(TimeoutStep.java:55)
	at org.gradle.internal.execution.steps.PreCreateOutputParentsStep.execute(PreCreateOutputParentsStep.java:50)
	at org.gradle.internal.execution.steps.PreCreateOutputParentsStep.execute(PreCreateOutputParentsStep.java:28)
	at org.gradle.internal.execution.steps.RemovePreviousOutputsStep.execute(RemovePreviousOutputsStep.java:68)
	at org.gradle.internal.execution.steps.RemovePreviousOutputsStep.execute(RemovePreviousOutputsStep.java:38)
	at org.gradle.internal.execution.steps.BroadcastChangingOutputsStep.execute(BroadcastChangingOutputsStep.java:61)
	at org.gradle.internal.execution.steps.BroadcastChangingOutputsStep.execute(BroadcastChangingOutputsStep.java:26)
	at org.gradle.internal.execution.steps.CaptureOutputsAfterExecutionStep.execute(CaptureOutputsAfterExecutionStep.java:69)
	at org.gradle.internal.execution.steps.CaptureOutputsAfterExecutionStep.execute(CaptureOutputsAfterExecutionStep.java:46)
	at org.gradle.internal.execution.steps.ResolveInputChangesStep.execute(ResolveInputChangesStep.java:39)
	at org.gradle.internal.execution.steps.ResolveInputChangesStep.execute(ResolveInputChangesStep.java:28)
	at org.gradle.internal.execution.steps.BuildCacheStep.executeWithoutCache(BuildCacheStep.java:189)
	at org.gradle.internal.execution.steps.BuildCacheStep.lambda$execute$1(BuildCacheStep.java:75)
	at org.gradle.internal.Either$Right.fold(Either.java:176)
	at org.gradle.internal.execution.caching.CachingState.fold(CachingState.java:62)
	at org.gradle.internal.execution.steps.BuildCacheStep.execute(BuildCacheStep.java:73)
	at org.gradle.internal.execution.steps.BuildCacheStep.execute(BuildCacheStep.java:48)
	at org.gradle.internal.execution.steps.StoreExecutionStateStep.execute(StoreExecutionStateStep.java:46)
	at org.gradle.internal.execution.steps.StoreExecutionStateStep.execute(StoreExecutionStateStep.java:35)
	at org.gradle.internal.execution.steps.SkipUpToDateStep.executeBecause(SkipUpToDateStep.java:75)
	at org.gradle.internal.execution.steps.SkipUpToDateStep.lambda$execute$2(SkipUpToDateStep.java:53)
	at java.base@17.0.17/java.util.Optional.orElseGet(Optional.java:364)
	at org.gradle.internal.execution.steps.SkipUpToDateStep.execute(SkipUpToDateStep.java:53)
	at org.gradle.internal.execution.steps.SkipUpToDateStep.execute(SkipUpToDateStep.java:35)
	at org.gradle.internal.execution.steps.legacy.MarkSnapshottingInputsFinishedStep.execute(MarkSnapshottingInputsFinishedStep.java:37)
	at org.gradle.internal.execution.steps.legacy.MarkSnapshottingInputsFinishedStep.execute(MarkSnapshottingInputsFinishedStep.java:27)
	at org.gradle.internal.execution.steps.ResolveIncrementalCachingStateStep.executeDelegate(ResolveIncrementalCachingStateStep.java:49)
	at org.gradle.internal.execution.steps.ResolveIncrementalCachingStateStep.executeDelegate(ResolveIncrementalCachingStateStep.java:27)
	at org.gradle.internal.execution.steps.AbstractResolveCachingStateStep.execute(AbstractResolveCachingStateStep.java:71)
	at org.gradle.internal.execution.steps.AbstractResolveCachingStateStep.execute(AbstractResolveCachingStateStep.java:39)
	at org.gradle.internal.execution.steps.ResolveChangesStep.execute(ResolveChangesStep.java:64)
	at org.gradle.internal.execution.steps.ResolveChangesStep.execute(ResolveChangesStep.java:35)
	at org.gradle.internal.execution.steps.ValidateStep.execute(ValidateStep.java:62)
	at org.gradle.internal.execution.steps.ValidateStep.execute(ValidateStep.java:40)
	at org.gradle.internal.execution.steps.AbstractCaptureStateBeforeExecutionStep.execute(AbstractCaptureStateBeforeExecutionStep.java:76)
	at org.gradle.internal.execution.steps.AbstractCaptureStateBeforeExecutionStep.execute(AbstractCaptureStateBeforeExecutionStep.java:45)
	at org.gradle.internal.execution.steps.AbstractSkipEmptyWorkStep.executeWithNonEmptySources(AbstractSkipEmptyWorkStep.java:136)
	at org.gradle.internal.execution.steps.AbstractSkipEmptyWorkStep.execute(AbstractSkipEmptyWorkStep.java:61)
	at org.gradle.internal.execution.steps.AbstractSkipEmptyWorkStep.execute(AbstractSkipEmptyWorkStep.java:38)
	at org.gradle.internal.execution.steps.legacy.MarkSnapshottingInputsStartedStep.execute(MarkSnapshottingInputsStartedStep.java:38)
	at org.gradle.internal.execution.steps.LoadPreviousExecutionStateStep.execute(LoadPreviousExecutionStateStep.java:36)
	at org.gradle.internal.execution.steps.LoadPreviousExecutionStateStep.execute(LoadPreviousExecutionStateStep.java:23)
	at org.gradle.internal.execution.steps.HandleStaleOutputsStep.execute(HandleStaleOutputsStep.java:75)
	at org.gradle.internal.execution.steps.HandleStaleOutputsStep.execute(HandleStaleOutputsStep.java:41)
	at org.gradle.internal.execution.steps.AssignMutableWorkspaceStep.lambda$execute$0(AssignMutableWorkspaceStep.java:35)
	at org.gradle.api.internal.tasks.execution.TaskExecution$4.withWorkspace(TaskExecution.java:297)
	at org.gradle.internal.execution.steps.AssignMutableWorkspaceStep.execute(AssignMutableWorkspaceStep.java:31)
	at org.gradle.internal.execution.steps.AssignMutableWorkspaceStep.execute(AssignMutableWorkspaceStep.java:22)
	at org.gradle.internal.execution.steps.ChoosePipelineStep.execute(ChoosePipelineStep.java:40)
	at org.gradle.internal.execution.steps.ChoosePipelineStep.execute(ChoosePipelineStep.java:23)
	at org.gradle.internal.execution.steps.ExecuteWorkBuildOperationFiringStep.lambda$execute$2(ExecuteWorkBuildOperationFiringStep.java:67)
	at java.base@17.0.17/java.util.Optional.orElseGet(Optional.java:364)
	at org.gradle.internal.execution.steps.ExecuteWorkBuildOperationFiringStep.execute(ExecuteWorkBuildOperationFiringStep.java:67)
	at org.gradle.internal.execution.steps.ExecuteWorkBuildOperationFiringStep.execute(ExecuteWorkBuildOperationFiringStep.java:39)
	at org.gradle.internal.execution.steps.IdentityCacheStep.execute(IdentityCacheStep.java:46)
	at org.gradle.internal.execution.steps.IdentityCacheStep.execute(IdentityCacheStep.java:34)
	at org.gradle.internal.execution.steps.IdentifyStep.execute(IdentifyStep.java:47)
	at org.gradle.internal.execution.steps.IdentifyStep.execute(IdentifyStep.java:34)
	at org.gradle.internal.execution.impl.DefaultExecutionEngine$1.execute(DefaultExecutionEngine.java:64)
	at org.gradle.api.internal.tasks.execution.ExecuteActionsTaskExecuter.executeIfValid(ExecuteActionsTaskExecuter.java:132)
	at org.gradle.api.internal.tasks.execution.ExecuteActionsTaskExecuter.execute(ExecuteActionsTaskExecuter.java:121)
	at org.gradle.api.internal.tasks.execution.ProblemsTaskPathTrackingTaskExecuter.execute(ProblemsTaskPathTrackingTaskExecuter.java:41)
	at org.gradle.api.internal.tasks.execution.FinalizePropertiesTaskExecuter.execute(FinalizePropertiesTaskExecuter.java:46)
	at org.gradle.api.internal.tasks.execution.ResolveTaskExecutionModeExecuter.execute(ResolveTaskExecutionModeExecuter.java:51)
	at org.gradle.api.internal.tasks.execution.SkipTaskWithNoActionsExecuter.execute(SkipTaskWithNoActionsExecuter.java:57)
	at org.gradle.api.internal.tasks.execution.SkipOnlyIfTaskExecuter.execute(SkipOnlyIfTaskExecuter.java:74)
	at org.gradle.api.internal.tasks.execution.CatchExceptionTaskExecuter.execute(CatchExceptionTaskExecuter.java:36)
	at org.gradle.api.internal.tasks.execution.EventFiringTaskExecuter$1.executeTask(EventFiringTaskExecuter.java:77)
	at org.gradle.api.internal.tasks.execution.EventFiringTaskExecuter$1.call(EventFiringTaskExecuter.java:55)
	at org.gradle.api.internal.tasks.execution.EventFiringTaskExecuter$1.call(EventFiringTaskExecuter.java:52)
	at org.gradle.internal.operations.DefaultBuildOperationRunner$CallableBuildOperationWorker.execute(DefaultBuildOperationRunner.java:209)
	at org.gradle.internal.operations.DefaultBuildOperationRunner$CallableBuildOperationWorker.execute(DefaultBuildOperationRunner.java:204)
	at org.gradle.internal.operations.DefaultBuildOperationRunner$2.execute(DefaultBuildOperationRunner.java:66)
	at org.gradle.internal.operations.DefaultBuildOperationRunner$2.execute(DefaultBuildOperationRunner.java:59)
	at org.gradle.internal.operations.DefaultBuildOperationRunner.execute(DefaultBuildOperationRunner.java:166)
	at org.gradle.internal.operations.DefaultBuildOperationRunner.execute(DefaultBuildOperationRunner.java:59)
	at org.gradle.internal.operations.DefaultBuildOperationRunner.call(DefaultBuildOperationRunner.java:53)
	at org.gradle.api.internal.tasks.execution.EventFiringTaskExecuter.execute(EventFiringTaskExecuter.java:52)
	at org.gradle.execution.plan.LocalTaskNodeExecutor.execute(LocalTaskNodeExecutor.java:45)
	at org.gradle.execution.taskgraph.DefaultTaskExecutionGraph$InvokeNodeExecutorsAction.execute(DefaultTaskExecutionGraph.java:347)
	at org.gradle.execution.taskgraph.DefaultTaskExecutionGraph$InvokeNodeExecutorsAction.execute(DefaultTaskExecutionGraph.java:334)
	at org.gradle.execution.taskgraph.DefaultTaskExecutionGraph$BuildOperationAwareExecutionAction.lambda$execute$0(DefaultTaskExecutionGraph.java:330)
	at org.gradle.internal.operations.CurrentBuildOperationRef.with(CurrentBuildOperationRef.java:84)
	at org.gradle.execution.taskgraph.DefaultTaskExecutionGraph$BuildOperationAwareExecutionAction.execute(DefaultTaskExecutionGraph.java:330)
	at org.gradle.execution.taskgraph.DefaultTaskExecutionGraph$BuildOperationAwareExecutionAction.execute(DefaultTaskExecutionGraph.java:319)
	at org.gradle.execution.plan.DefaultPlanExecutor$ExecutorWorker.execute(DefaultPlanExecutor.java:459)
	at org.gradle.execution.plan.DefaultPlanExecutor$ExecutorWorker.run(DefaultPlanExecutor.java:376)
	at org.gradle.internal.concurrent.ExecutorPolicy$CatchAndRecordFailures.onExecute(ExecutorPolicy.java:64)
	at org.gradle.internal.concurrent.AbstractManagedExecutor$1.run(AbstractManagedExecutor.java:47)
	at java.base@17.0.17/java.util.concurrent.ThreadPoolExecutor.runWorker(ThreadPoolExecutor.java:1136)
	at java.base@17.0.17/java.util.concurrent.ThreadPoolExecutor$Worker.run(ThreadPoolExecutor.java:635)
	at java.base@17.0.17/java.lang.Thread.run(Thread.java:840)

FAILURE: Build failed with an exception.

* What went wrong:
Execution failed for task ':app:installDebug'.
> java.util.concurrent.ExecutionException: com.android.builder.testing.api.DeviceException: com.android.ddmlib.InstallException: Unknown failure: Exception occurred while executing 'install':
  android.os.ParcelableException: java.io.IOException: Requested internal only, but not enough space
  at android.util.ExceptionUtils.wrap(ExceptionUtils.java:34)
  at com.android.server.pm.PackageInstallerService.createSession(PackageInstallerService.java:671)
  at com.android.server.pm.PackageManagerShellCommand.doCreateSession(PackageManagerShellCommand.java:3978)
  at com.android.server.pm.PackageManagerShellCommand.doRunInstall(PackageManagerShellCommand.java:1626)
  at com.android.server.pm.PackageManagerShellCommand.runInstall(PackageManagerShellCommand.java:1562)
  at com.android.server.pm.PackageManagerShellCommand.onCommand(PackageManagerShellCommand.java:246)
  at com.android.modules.utils.BasicShellCommandHandler.exec(BasicShellCommandHandler.java:97)
  at android.os.ShellCommand.exec(ShellCommand.java:38)
  at com.android.server.pm.PackageManagerService$IPackageManagerImpl.onShellCommand(PackageManagerService.java:6684)
  at android.os.Binder.shellCommand(Binder.java:1151)
  at android.os.Binder.onTransact(Binder.java:953)
  at android.content.pm.IPackageManager$Stub.onTransact(IPackageManager.java:4729)
  at com.android.server.pm.PackageManagerService$IPackageManagerImpl.onTransact(PackageManagerService.java:6668)
  at android.os.Binder.execTransactInternal(Binder.java:1426)
  at android.os.Binder.execTransact(Binder.java:1365)
  Caused by: java.io.IOException: Requested internal only, but not enough space
  at com.android.internal.content.InstallLocationUtils.resolveInstallVolume(InstallLocationUtils.java:242)
  at com.android.internal.content.InstallLocationUtils.resolveInstallVolume(InstallLocationUtils.java:153)
  at com.android.internal.content.InstallLocationUtils.resolveInstallVolume(InstallLocationUtils.java:168)
  at com.android.server.pm.PackageInstallerService.createSessionInternal(PackageInstallerService.java:966)
  at com.android.server.pm.PackageInstallerService.createSession(PackageInstallerService.java:668)
  ... 13 more

* Try:
> Run with --stacktrace option to get the stack trace.
> Run with --info or --debug option to get more log output.
> Run with --scan to generate a Build Scan (Powered by Develocity).
> Get more help at https://help.gradle.org.

BUILD FAILED in 37s
[31m[1merror[22m[39m 
[0mFailed to install the 
app.[0m
